2021 v2
